// Jest Snapshot v1, https://goo.gl/fbAQLP

exports[`ListOrders.vue Comparar snapshot 1`] = `
<div class="w-100 main-text" style="font-family: 'Lato', sans-serif; background-color: white; min-height: 544px;">
  <div class="d-flex" style="border-bottom: 1px solid #C8CFCE; margin-bottom: 2rem;">
    <p class="font-weight-bold pl-4 p-3">INFORMACIÓN DE TUS PEDIDOS</p>
  </div>
  <div class="d-flex pl-4 pr-4 ml-2 mr-2">
    <div class="row w-100 ml-0 align-items-center justify-content-start" style="border-bottom: 1px solid #C8CFCE;">
      <div class="col-sm-8 pb-4 pt-4 pl-2 pr-0 ">
        <div class="d-flex align-items-center justify-content-sm-start justify-content-center"><img src="@/assets/recogida.svg" class="mt-0 mr-3" style="height: 40px; width: 40px;">
          <div>
            <p class="font-weight-bold mb-0 mt-0">Pedido nº CO107341</p>
            <p class="mt-0 ml-0 small-text light-text">Fecha de pedido: 2018-11-09</p>
          </div>
        </div>
      </div>
      <div class="col-sm-4 pb-3 pb-sm-0"><button class="mrjeff-btn m-2 float-sm-right">VER PEDIDO</button></div>
    </div>
  </div>
</div>
`;
